AM 181 ARE
1. dane ve Michael doktorlar (i).
2.0 mized

3. Bu bUyUk bir Kipekti

4. Sen benim arkadasimsn.

5. Muhendis deter.

6. Matis dedi.

7. Gok yorgunum,

8. Yeterince uzun degisin

9. Mutfaktay2.

10, Paula ktaplarla itt de.

11. Herkes haz.

12, Meggul dei,

13, Ann ve ben iyi arkadaslar,

14, Anahtarlaninrz masanin Uzernde..
15. Yorgunum ama ag deitin.

r

James Stretmen dedi 0 bir dgrenc.
17. Bu insaniar Ingiliz del, Avustralyahlar.
BugUn hava gine, ancak sicak dei.

19, Buglin hava guzel.
20. Zengin detiin,

2). Bu ganta ag deg.

22. Bu gantaar half det

23. Kardesim ve ben ty tent! dei
24, Emily evde de

25. Gocuklanokulda det.

26. rz hardesio heme de.

27. Ben tak sofér debit,

28, Kamora nerede?

29, Arabansz mavi mit

30, Kate Londealt mi?

